node:internal/modules/cjs/loader:1404
  throw err;
  ^

Error: Cannot find module 'dotenv'
Require stack:
- /home/smartaqu/skripsi/mqtt-listener/app.js
- /home/smartaqu/skripsi/mqtt-listener/server.js
- /usr/local/lsws/fcgi-bin/lsnode.js
    at Module._resolveFilename (node:internal/modules/cjs/loader:1401:15)
    at defaultResolveImpl (node:internal/modules/cjs/loader:1057:19)
    at resolveForCJSWithHooks (node:internal/modules/cjs/loader:1062:22)
    at Module._load (node:internal/modules/cjs/loader:1211:37)
    at TracingChannel.traceSync (node:diagnostics_channel:322:14)
    at wrapModuleLoad (node:internal/modules/cjs/loader:235:24)
    at Module.require (node:internal/modules/cjs/loader:1487:12)
    at require (node:internal/modules/helpers:135:16)
    at Object.<anonymous> (/home/smartaqu/skripsi/mqtt-listener/app.js:1:1)
    at Module._compile (node:internal/modules/cjs/loader:1730:14) {
  code: 'MODULE_NOT_FOUND',
  requireStack: [
    '/home/smartaqu/skripsi/mqtt-listener/app.js',
    '/home/smartaqu/skripsi/mqtt-listener/server.js',
    '/usr/local/lsws/fcgi-bin/lsnode.js'
  ]
}

Node.js v22.17.0
node:internal/modules/cjs/loader:1404
  throw err;
  ^

Error: Cannot find module 'dotenv'
Require stack:
- /home/smartaqu/skripsi/mqtt-listener/app.js
- /home/smartaqu/skripsi/mqtt-listener/server.js
- /usr/local/lsws/fcgi-bin/lsnode.js
    at Module._resolveFilename (node:internal/modules/cjs/loader:1401:15)
    at defaultResolveImpl (node:internal/modules/cjs/loader:1057:19)
    at resolveForCJSWithHooks (node:internal/modules/cjs/loader:1062:22)
    at Module._load (node:internal/modules/cjs/loader:1211:37)
    at TracingChannel.traceSync (node:diagnostics_channel:322:14)
    at wrapModuleLoad (node:internal/modules/cjs/loader:235:24)
    at Module.require (node:internal/modules/cjs/loader:1487:12)
    at require (node:internal/modules/helpers:135:16)
    at Object.<anonymous> (/home/smartaqu/skripsi/mqtt-listener/app.js:1:1)
    at Module._compile (node:internal/modules/cjs/loader:1730:14) {
  code: 'MODULE_NOT_FOUND',
  requireStack: [
    '/home/smartaqu/skripsi/mqtt-listener/app.js',
    '/home/smartaqu/skripsi/mqtt-listener/server.js',
    '/usr/local/lsws/fcgi-bin/lsnode.js'
  ]
}

Node.js v22.17.0
node:internal/modules/cjs/loader:1404
  throw err;
  ^

Error: Cannot find module 'mqtt'
Require stack:
- /home/smartaqu/skripsi/mqtt-listener/app.js
- /usr/local/lsws/fcgi-bin/lsnode.js
    at Module._resolveFilename (node:internal/modules/cjs/loader:1401:15)
    at defaultResolveImpl (node:internal/modules/cjs/loader:1057:19)
    at resolveForCJSWithHooks (node:internal/modules/cjs/loader:1062:22)
    at Module._load (node:internal/modules/cjs/loader:1211:37)
    at TracingChannel.traceSync (node:diagnostics_channel:322:14)
    at wrapModuleLoad (node:internal/modules/cjs/loader:235:24)
    at Module.require (node:internal/modules/cjs/loader:1487:12)
    at require (node:internal/modules/helpers:135:16)
    at Object.<anonymous> (/home/smartaqu/skripsi/mqtt-listener/app.js:2:14)
    at Module._compile (node:internal/modules/cjs/loader:1730:14) {
  code: 'MODULE_NOT_FOUND',
  requireStack: [
    '/home/smartaqu/skripsi/mqtt-listener/app.js',
    '/usr/local/lsws/fcgi-bin/lsnode.js'
  ]
}

Node.js v22.17.0
node:internal/modules/cjs/loader:1404
  throw err;
  ^

Error: Cannot find module 'mqtt'
Require stack:
- /home/smartaqu/skripsi/mqtt-listener/app.js
- /usr/local/lsws/fcgi-bin/lsnode.js
    at Module._resolveFilename (node:internal/modules/cjs/loader:1401:15)
    at defaultResolveImpl (node:internal/modules/cjs/loader:1057:19)
    at resolveForCJSWithHooks (node:internal/modules/cjs/loader:1062:22)
    at Module._load (node:internal/modules/cjs/loader:1211:37)
    at TracingChannel.traceSync (node:diagnostics_channel:322:14)
    at wrapModuleLoad (node:internal/modules/cjs/loader:235:24)
    at Module.require (node:internal/modules/cjs/loader:1487:12)
    at require (node:internal/modules/helpers:135:16)
    at Object.<anonymous> (/home/smartaqu/skripsi/mqtt-listener/app.js:2:14)
    at Module._compile (node:internal/modules/cjs/loader:1730:14) {
  code: 'MODULE_NOT_FOUND',
  requireStack: [
    '/home/smartaqu/skripsi/mqtt-listener/app.js',
    '/usr/local/lsws/fcgi-bin/lsnode.js'
  ]
}

Node.js v22.17.0
node:internal/modules/cjs/loader:1404
  throw err;
  ^

Error: Cannot find module 'mqtt'
Require stack:
- /home/smartaqu/skripsi/mqtt-listener/app.js
- /usr/local/lsws/fcgi-bin/lsnode.js
    at Module._resolveFilename (node:internal/modules/cjs/loader:1401:15)
    at defaultResolveImpl (node:internal/modules/cjs/loader:1057:19)
    at resolveForCJSWithHooks (node:internal/modules/cjs/loader:1062:22)
    at Module._load (node:internal/modules/cjs/loader:1211:37)
    at TracingChannel.traceSync (node:diagnostics_channel:322:14)
    at wrapModuleLoad (node:internal/modules/cjs/loader:235:24)
    at Module.require (node:internal/modules/cjs/loader:1487:12)
    at require (node:internal/modules/helpers:135:16)
    at Object.<anonymous> (/home/smartaqu/skripsi/mqtt-listener/app.js:2:14)
    at Module._compile (node:internal/modules/cjs/loader:1730:14) {
  code: 'MODULE_NOT_FOUND',
  requireStack: [
    '/home/smartaqu/skripsi/mqtt-listener/app.js',
    '/usr/local/lsws/fcgi-bin/lsnode.js'
  ]
}

Node.js v22.17.0
node:internal/modules/cjs/loader:1404
  throw err;
  ^

Error: Cannot find module 'mqtt'
Require stack:
- /home/smartaqu/skripsi/mqtt-listener/app.js
- /usr/local/lsws/fcgi-bin/lsnode.js
    at Module._resolveFilename (node:internal/modules/cjs/loader:1401:15)
    at defaultResolveImpl (node:internal/modules/cjs/loader:1057:19)
    at resolveForCJSWithHooks (node:internal/modules/cjs/loader:1062:22)
    at Module._load (node:internal/modules/cjs/loader:1211:37)
    at TracingChannel.traceSync (node:diagnostics_channel:322:14)
    at wrapModuleLoad (node:internal/modules/cjs/loader:235:24)
    at Module.require (node:internal/modules/cjs/loader:1487:12)
    at require (node:internal/modules/helpers:135:16)
    at Object.<anonymous> (/home/smartaqu/skripsi/mqtt-listener/app.js:2:14)
    at Module._compile (node:internal/modules/cjs/loader:1730:14) {
  code: 'MODULE_NOT_FOUND',
  requireStack: [
    '/home/smartaqu/skripsi/mqtt-listener/app.js',
    '/usr/local/lsws/fcgi-bin/lsnode.js'
  ]
}

Node.js v22.17.0
node:internal/modules/cjs/loader:1404
  throw err;
  ^

Error: Cannot find module 'mqtt'
Require stack:
- /home/smartaqu/skripsi/mqtt-listener/app.js
- /usr/local/lsws/fcgi-bin/lsnode.js
    at Module._resolveFilename (node:internal/modules/cjs/loader:1401:15)
    at defaultResolveImpl (node:internal/modules/cjs/loader:1057:19)
    at resolveForCJSWithHooks (node:internal/modules/cjs/loader:1062:22)
    at Module._load (node:internal/modules/cjs/loader:1211:37)
    at TracingChannel.traceSync (node:diagnostics_channel:322:14)
    at wrapModuleLoad (node:internal/modules/cjs/loader:235:24)
    at Module.require (node:internal/modules/cjs/loader:1487:12)
    at require (node:internal/modules/helpers:135:16)
    at Object.<anonymous> (/home/smartaqu/skripsi/mqtt-listener/app.js:2:14)
    at Module._compile (node:internal/modules/cjs/loader:1730:14) {
  code: 'MODULE_NOT_FOUND',
  requireStack: [
    '/home/smartaqu/skripsi/mqtt-listener/app.js',
    '/usr/local/lsws/fcgi-bin/lsnode.js'
  ]
}

Node.js v22.17.0
node:internal/modules/cjs/loader:1404
  throw err;
  ^

Error: Cannot find module 'mqtt'
Require stack:
- /home/smartaqu/skripsi/mqtt-listener/app.js
- /usr/local/lsws/fcgi-bin/lsnode.js
    at Module._resolveFilename (node:internal/modules/cjs/loader:1401:15)
    at defaultResolveImpl (node:internal/modules/cjs/loader:1057:19)
    at resolveForCJSWithHooks (node:internal/modules/cjs/loader:1062:22)
    at Module._load (node:internal/modules/cjs/loader:1211:37)
    at TracingChannel.traceSync (node:diagnostics_channel:322:14)
    at wrapModuleLoad (node:internal/modules/cjs/loader:235:24)
    at Module.require (node:internal/modules/cjs/loader:1487:12)
    at require (node:internal/modules/helpers:135:16)
    at Object.<anonymous> (/home/smartaqu/skripsi/mqtt-listener/app.js:2:14)
    at Module._compile (node:internal/modules/cjs/loader:1730:14) {
  code: 'MODULE_NOT_FOUND',
  requireStack: [
    '/home/smartaqu/skripsi/mqtt-listener/app.js',
    '/usr/local/lsws/fcgi-bin/lsnode.js'
  ]
}

Node.js v22.17.0
node:internal/modules/cjs/loader:1404
  throw err;
  ^

Error: Cannot find module 'mqtt'
Require stack:
- /home/smartaqu/skripsi/mqtt-listener/app.js
- /usr/local/lsws/fcgi-bin/lsnode.js
    at Module._resolveFilename (node:internal/modules/cjs/loader:1401:15)
    at defaultResolveImpl (node:internal/modules/cjs/loader:1057:19)
    at resolveForCJSWithHooks (node:internal/modules/cjs/loader:1062:22)
    at Module._load (node:internal/modules/cjs/loader:1211:37)
    at TracingChannel.traceSync (node:diagnostics_channel:322:14)
    at wrapModuleLoad (node:internal/modules/cjs/loader:235:24)
    at Module.require (node:internal/modules/cjs/loader:1487:12)
    at require (node:internal/modules/helpers:135:16)
    at Object.<anonymous> (/home/smartaqu/skripsi/mqtt-listener/app.js:2:14)
    at Module._compile (node:internal/modules/cjs/loader:1730:14) {
  code: 'MODULE_NOT_FOUND',
  requireStack: [
    '/home/smartaqu/skripsi/mqtt-listener/app.js',
    '/usr/local/lsws/fcgi-bin/lsnode.js'
  ]
}

Node.js v22.17.0
node:internal/modules/cjs/loader:1404
  throw err;
  ^

Error: Cannot find module 'mqtt'
Require stack:
- /home/smartaqu/skripsi/mqtt-listener/app.js
- /usr/local/lsws/fcgi-bin/lsnode.js
    at Module._resolveFilename (node:internal/modules/cjs/loader:1401:15)
    at defaultResolveImpl (node:internal/modules/cjs/loader:1057:19)
    at resolveForCJSWithHooks (node:internal/modules/cjs/loader:1062:22)
    at Module._load (node:internal/modules/cjs/loader:1211:37)
    at TracingChannel.traceSync (node:diagnostics_channel:322:14)
    at wrapModuleLoad (node:internal/modules/cjs/loader:235:24)
    at Module.require (node:internal/modules/cjs/loader:1487:12)
    at require (node:internal/modules/helpers:135:16)
    at Object.<anonymous> (/home/smartaqu/skripsi/mqtt-listener/app.js:2:14)
    at Module._compile (node:internal/modules/cjs/loader:1730:14) {
  code: 'MODULE_NOT_FOUND',
  requireStack: [
    '/home/smartaqu/skripsi/mqtt-listener/app.js',
    '/usr/local/lsws/fcgi-bin/lsnode.js'
  ]
}

Node.js v22.17.0
